<html>
<body>
<pre>
<h1>µVision Build Log</h1>
<h2>Tool Versions:</h2>
IDE-Version: ¦ÌVision V5.36.0.0
Copyright (C) 2021 ARM Ltd and ARM Germany GmbH. All rights reserved.
License Information:  ,  , LIC=BUURY-IYB1Y-30ZNC-7QLDJ-XFR85-RIIT4
 
Tool Versions:
Toolchain:       MDK-ARM Plus  Version: 5.36.0.0
Toolchain Path:  D:\Keil\Core\ARM\ARMCC\Bin
C Compiler:      Armcc.exe V5.06 update 7 (build 960)
Assembler:       Armasm.exe V5.06 update 7 (build 960)
Linker/Locator:  ArmLink.exe V5.06 update 7 (build 960)
Library Manager: ArmAr.exe V5.06 update 7 (build 960)
Hex Converter:   FromElf.exe V5.06 update 7 (build 960)
CPU DLL:         SARMCM3.DLL V5.36.0.0
Dialog DLL:      DCM.DLL V1.17.3.0
Target DLL:      CMSIS_AGDI.dll V1.33.0.0
Dialog DLL:      TCM.DLL V1.53.0.0
 
<h2>Project:</h2>
D:\STM32_Project\F407_P1_YOLOK50\MDK-ARM\F407_P1_YOLOK50.uvprojx
Project File Date:  02/22/2026

<h2>Output:</h2>
*** Using Compiler 'V5.06 update 7 (build 960)', folder: 'D:\Keil\Core\ARM\ARMCC\Bin'
Build target 'F407_P1_YOLOK50'
compiling gpio.c...
compiling dma.c...
compiling stm32f4xx_it.c...
compiling bsp_i2c.c...
compiling bsp_ov2640.c...
compiling usart.c...
compiling sd_diskio.c...
compiling fatfs.c...
compiling stm32f4xx_hal_msp.c...
compiling syscall.c...
compiling spi.c...
compiling ff_gen_drv.c...
compiling st7789.c...
..\Core\Src\st7789.c(230): warning:  #186-D: pointless comparison of unsigned integer with zero
  	if ((x < 0) || (x >= ST7789_WIDTH) ||
..\Core\Src\st7789.c(231): warning:  #186-D: pointless comparison of unsigned integer with zero
  		 (y < 0) || (y >= ST7789_HEIGHT))	return;
..\Core\Src\st7789.c(249): warning:  #186-D: pointless comparison of unsigned integer with zero
  	if ((xEnd < 0) || (xEnd >= ST7789_WIDTH) ||
..\Core\Src\st7789.c(250): warning:  #186-D: pointless comparison of unsigned integer with zero
  		 (yEnd < 0) || (yEnd >= ST7789_HEIGHT))	return;
..\Core\Src\st7789.c: 4 warnings, 0 errors
compiling diskio.c...
compiling main.c...
compiling cc936.c...
compiling sdio.c...
compiling ff.c...
linking...
Program Size: Code=43448 RO-data=23788 RW-data=17144 ZI-data=52032  
FromELF: creating hex file...
"F407_P1_YOLOK50\F407_P1_YOLOK50.axf" - 0 Error(s), 4 Warning(s).

<h2>Software Packages used:</h2>

Package Vendor: ARM
                http://www.keil.com/pack/ARM.CMSIS.5.8.0.pack
                ARM.CMSIS.5.8.0
                CMSIS (Common Microcontroller Software Interface Standard)
   * Component: CORE Version: 5.5.0

Package Vendor: Keil
                http://www.keil.com/pack/Keil.STM32F4xx_DFP.2.15.0.pack
                Keil.STM32F4xx_DFP.2.15.0
                STMicroelectronics STM32F4 Series Device Support, Drivers and Examples

<h2>Collection of Component include folders:</h2>
  .\RTE\_F407_P1_YOLOK50
  D:\Keil\Pack\ARM\CMSIS\5.8.0\CMSIS\Core\Include
  D:\Keil\Pack\Keil\STM32F4xx_DFP\2.15.0\Drivers\CMSIS\Device\ST\STM32F4xx\Include

<h2>Collection of Component Files used:</h2>

   * Component: ARM::CMSIS:CORE:5.5.0
      Include file:  CMSIS\Core\Include\tz_context.h
Build Time Elapsed:  00:00:03
</pre>
</body>
</html>
